Resolving dependencies...
Downloading packages...
  app_links 6.4.1 (7.0.0 available)
  archive 4.0.7 (4.0.9 available)
  cross_file 0.3.5+1 (0.3.5+2 available)
  dart_jsonwebtoken 3.3.1 (3.3.2 available)
  device_info_plus 10.1.2 (12.3.0 available)
  ffi 2.1.4 (2.2.0 available)
  flutter_launcher_icons 0.13.1 (0.14.4 available)
  flutter_lints 5.0.0 (6.0.0 available)
  image 4.7.2 (4.8.0 available)
  image_picker_android 0.8.13+12 (0.8.13+14 available)
  image_picker_ios 0.8.13+3 (0.8.13+6 available)
  json_annotation 4.9.0 (4.11.0 available)
  lints 5.1.1 (6.1.0 available)
  meta 1.17.0 (1.18.1 available)
  ota_update 6.0.0 (7.1.0 available)
  package_info_plus 8.3.1 (9.0.0 available)
  path_provider_foundation 2.5.1 (2.6.0 available)
  petitparser 7.0.1 (7.0.2 available)
  posix 6.0.3 (6.5.0 available)
  shared_preferences_android 2.4.18 (2.4.21 available)
  shorebird_code_push 1.1.6 (2.0.5 available)
  source_span 1.10.1 (1.10.2 available)
! sqflite 2.4.1 (overridden) (2.4.2 available)
! sqflite_android 2.4.1 (overridden) (2.4.2+2 available)
  url_launcher_ios 6.3.6 (6.4.1 available)
  url_launcher_web 2.4.1 (2.4.2 available)
  uuid 4.5.2 (4.5.3 available)
  vector_graphics_compiler 1.1.19 (1.2.0 available)
  win32 5.15.0 (6.0.0 available)
  win32_registry 1.1.5 (3.0.2 available)
Got dependencies!
30 packages have newer versions incompatible with dependency constraints.
Try `flutter pub outdated` for more information.
Compiling lib\main.dart for the Web...                          
flutter : Wasm dry run findings:
En línea: 1 Carácter: 1
+ flutter build web --release > build_errors.txt 2>&1
+ ~~~~~~~~~~~~~~~~~~~~~~~~~~~~~~~~~~~~~~~~~~~~~~~~~~~
    + CategoryInfo          : NotSpecified: (Wasm dry run findings::Strin 
   g) [], RemoteException
    + FullyQualifiedErrorId : NativeCommandError
 
Found incompatibilities with WebAssembly.

package:shorebird_code_push/src/updater.dart 1:1 - 'dart:ffi' can't be 
imported when compiling to Wasm. (2)
package:shorebird_code_push/src/generated/updater_bindings.g.dart 7:1 - 
'dart:ffi' can't be imported when compiling to Wasm. (2)

Consider addressing these issues to enable wasm builds. See docs for more 
info: https://docs.flutter.dev/platform-integration/web/wasm

Use --no-wasm-dry-run to disable these warnings.
Target dart2js failed: ProcessException: Process exited abnormally with 
exit code 1:
lib/screens/home_screen.dart:119:12:
Error: The getter 'defaultTargetPlatform' isn't defined for the type 
'_HomeScreenState'.
 - '_HomeScreenState' is from 
'package:compra_bien/screens/home_screen.dart' 
('lib/screens/home_screen.dart').
    return defaultTargetPlatform == TargetPlatform.iOS;
           ^^^^^^^^^^^^^^^^^^^^^
lib/data/monarca_repository.dart:110:22:
Error: The getter 'corsProxy' isn't defined for the type 
'MonarcaRepository'.
 - 'MonarcaRepository' is from 
'package:compra_bien/data/monarca_repository.dart' 
('lib/data/monarca_repository.dart').
        endpoint = '$corsProxy${Uri.encodeComponent(endpoint)}';
                     ^^^^^^^^^
lib/data/monarca_repository.dart:132:22:
Error: The getter 'corsProxy' isn't defined for the type 
'MonarcaRepository'.
 - 'MonarcaRepository' is from 
'package:compra_bien/data/monarca_repository.dart' 
('lib/data/monarca_repository.dart').
        endpoint = '$corsProxy${Uri.encodeComponent(endpoint)}';
                     ^^^^^^^^^
lib/data/carrefour_repository.dart:306:25:
Error: The getter 'corsProxy' isn't defined for the type 
'CarrefourRepository'.
 - 'CarrefourRepository' is from 
'package:compra_bien/data/carrefour_repository.dart' 
('lib/data/carrefour_repository.dart').
           finalUrl = '$corsProxy${Uri.encodeComponent(finalUrl)}';
                        ^^^^^^^^^
Error: Compilation failed.
  Command: C:\src\flutter\bin\cache\dart-sdk\bin\dart.exe compile js 
--platform-binaries=C:\src\flutter\bin\cache\flutter_web_sdk\kernel 
--invoker=flutter_tool -Ddart.vm.product=true -DFLUTTER_VERSION=3.41.2 
-DFLUTTER_CHANNEL=stable 
-DFLUTTER_GIT_URL=https://github.com/flutter/flutter.git 
-DFLUTTER_FRAMEWORK_REVISION=90673a4eef 
-DFLUTTER_ENGINE_REVISION=6c0baaebf7 -DFLUTTER_DART_VERSION=3.11.0 
-DFLUTTER_WEB_USE_SKIA=true -DFLUTTER_WEB_USE_SKWASM=false -DFLUTTER_WEB_C
ANVASKIT_URL=https://www.gstatic.com/flutter-canvaskit/6c0baaebf70e0148f48
5f27d5616b3d3382da7bf/ --native-null-assertions --no-source-maps -O4 
--minify -o C:\xampp\htdocs\compraBien\compra_bien\.dart_tool\flutter_buil
d\2810ce1b66f1ef447e413eb79c4843f1\app.dill --packages=C:\xampp\htdocs\com
praBien\compra_bien\.dart_tool\package_config.json --cfe-only C:\xampp\htd
ocs\compraBien\compra_bien\.dart_tool\flutter_build\2810ce1b66f1ef447e413e
b79c4843f1\main.dart
#0      RunResult.throwException 
(package:flutter_tools/src/base/process.dart:153:5)
#1      _DefaultProcessUtils.run 
(package:flutter_tools/src/base/process.dart:379:19)
<asynchronous suspension>
#2      Dart2JSTarget.build 
(package:flutter_tools/src/build_system/targets/web.dart:208:5)
<asynchronous suspension>
#3      _BuildInstance._invokeInternal 
(package:flutter_tools/src/build_system/build_system.dart:937:9)
<asynchronous suspension>
#4      Future.wait.<anonymous closure> (dart:async/future.dart:546:21)
<asynchronous suspension>
#5      _BuildInstance.invokeTarget 
(package:flutter_tools/src/build_system/build_system.dart:875:32)
<asynchronous suspension>
#6      Future.wait.<anonymous closure> (dart:async/future.dart:546:21)
<asynchronous suspension>
#7      _BuildInstance.invokeTarget 
(package:flutter_tools/src/build_system/build_system.dart:875:32)
<asynchronous suspension>
#8      FlutterBuildSystem.build 
(package:flutter_tools/src/build_system/build_system.dart:684:16)
<asynchronous suspension>
#9      WebBuilder.buildWeb 
(package:flutter_tools/src/web/compile.dart:107:34)
<asynchronous suspension>
#10     BuildWebCommand.runCommand 
(package:flutter_tools/src/commands/build_web.dart:300:5)
<asynchronous suspension>
#11     FlutterCommand.run.<anonymous closure> 
(package:flutter_tools/src/runner/flutter_command.dart:1590:27)
<asynchronous suspension>
#12     AppContext.run.<anonymous closure> 
(package:flutter_tools/src/base/context.dart:154:19)
<asynchronous suspension>
#13     CommandRunner.runCommand (package:args/command_runner.dart:212:13)
<asynchronous suspension>
#14     FlutterCommandRunner.runCommand.<anonymous closure> 
(package:flutter_tools/src/runner/flutter_command_runner.dart:496:9)
<asynchronous suspension>
#15     AppContext.run.<anonymous closure> 
(package:flutter_tools/src/base/context.dart:154:19)
<asynchronous suspension>
#16     FlutterCommandRunner.runCommand 
(package:flutter_tools/src/runner/flutter_command_runner.dart:431:5)
<asynchronous suspension>
#17     FlutterCommandRunner.run.<anonymous closure> 
(package:flutter_tools/src/runner/flutter_command_runner.dart:307:33)
<asynchronous suspension>
#18     run.<anonymous closure>.<anonymous closure> 
(package:flutter_tools/runner.dart:104:11)
<asynchronous suspension>
#19     AppContext.run.<anonymous closure> 
(package:flutter_tools/src/base/context.dart:154:19)
<asynchronous suspension>
#20     main (package:flutter_tools/executable.dart:103:3)
<asynchronous suspension>

Compiling lib\main.dart for the Web...                            116.2s
Error: Failed to compile application for the Web.
